The ``4-print_square`` module
======================

Using ``print_square``
-------------------

This is an example text file in reStructuredText format.  First import
``print_square`` from the ``4-print_square`` module:

------------------

>>> print_square = __import__('4-print_square').print_square

# size = int
>>> print_square(2)
##
##

# size = str
>>> print_square("babe")
Traceback (most recent call last):
...
TypeError: size must be an integer

# size = negative int
>>> print_square(-53)
Traceback (most recent call last):
...
ValueError: size must be >= 0

# size = float
>>> print_square(17.3689)
Traceback (most recent call last):
...
TypeError: size must be an integer

# size = float
>>> print_square(-8.365)
Traceback (most recent call last):
...
TypeError: size must be an integer
